Active-HDL 13.0.375.8320 2026-07-27 22:28:49

Elaboration top modules:
Architecture                  TB_ARCHITECTURE(multiplier_3x3_tb)


---------------------------------------------------------------------------------------------------------
Entity            | Architecture    | Library   | Info | Compiler Version          | Compilation Options
---------------------------------------------------------------------------------------------------------
multiplier_3x3_tb | TB_ARCHITECTURE | add_shift |      | 13.0.375.8320 (Windows64) | -O3
multiplier_3x3    | Behavioral      | add_shift |      | 13.0.375.8320 (Windows64) | -O3
---------------------------------------------------------------------------------------------------------

---------------------------------------------------------------------------------------------------------
VHDL Package                        | Library   | Info | Compiler Version          | Compilation Options
---------------------------------------------------------------------------------------------------------
standard                            | std       |      |                           | <unavailable>
TEXTIO                              | std       |      | 13.0.375.8320 (Windows64) |  -2019
std_logic_1164                      | ieee      |      | 13.0.375.8320 (Windows64) |  -2008
NUMERIC_STD                         | ieee      |      | 13.0.375.8320 (Windows64) |  -2008
---------------------------------------------------------------------------------------------------------

---------------------------------------------------------------------------------------------------------
Library                             | Comment
---------------------------------------------------------------------------------------------------------
add_shift                           | None
ieee                                | Standard IEEE packages library
std                                 | Standard VHDL library
---------------------------------------------------------------------------------------------------------
