Active-HDL 13.0.375.8320 2026-07-27 22:13:16

Elaboration top modules:
Architecture                  TB_ARCHITECTURE(multiplier4bit_tb)


----------------------------------------------------------------------------------------------------------------
Entity            | Architecture    | Library          | Info | Compiler Version          | Compilation Options
----------------------------------------------------------------------------------------------------------------
multiplier4bit_tb | TB_ARCHITECTURE | array_multiplier |      | 13.0.375.8320 (Windows64) | -O3
multiplier4bit    | Behavioral      | array_multiplier |      | 13.0.375.8320 (Windows64) | -O3
----------------------------------------------------------------------------------------------------------------

----------------------------------------------------------------------------------------------------------------
VHDL Package                        | Library          | Info | Compiler Version          | Compilation Options
----------------------------------------------------------------------------------------------------------------
standard                            | std              |      |                           | <unavailable>
TEXTIO                              | std              |      | 13.0.375.8320 (Windows64) |  -2019
std_logic_1164                      | ieee             |      | 13.0.375.8320 (Windows64) |  -2008
----------------------------------------------------------------------------------------------------------------

----------------------------------------------------------------------------------------------------------------
Library                             | Comment
----------------------------------------------------------------------------------------------------------------
array_multiplier                    | None
ieee                                | Standard IEEE packages library
std                                 | Standard VHDL library
----------------------------------------------------------------------------------------------------------------
