Active-HDL 13.0.375.8320 2026-07-27 22:30:25

Elaboration top modules:
Architecture                  RTL(tb_shift_add_mult)


------------------------------------------------------------------------------------------------------
Entity            | Architecture | Library   | Info | Compiler Version          | Compilation Options
------------------------------------------------------------------------------------------------------
tb_shift_add_mult | RTL          | addshift2 |      | 13.0.375.8320 (Windows64) | -O3
MULTIPLIERENTITY  | RTL          | addshift2 |      | 13.0.375.8320 (Windows64) | -O3
------------------------------------------------------------------------------------------------------

------------------------------------------------------------------------------------------------------
VHDL Package                     | Library   | Info | Compiler Version          | Compilation Options
------------------------------------------------------------------------------------------------------
standard                         | std       |      |                           | <unavailable>
TEXTIO                           | std       |      | 13.0.375.8320 (Windows64) |  -2019
std_logic_1164                   | ieee      |      | 13.0.375.8320 (Windows64) |  -2008
NUMERIC_STD                      | ieee      |      | 13.0.375.8320 (Windows64) |  -2008
------------------------------------------------------------------------------------------------------

------------------------------------------------------------------------------------------------------
Library                          | Comment
------------------------------------------------------------------------------------------------------
addshift2                        | None
ieee                             | Standard IEEE packages library
std                              | Standard VHDL library
------------------------------------------------------------------------------------------------------
